// Jest Snapshot v1, https://goo.gl/fbAQLP

exports[`matches snapshot 1`] = `
<DocumentFragment>
  <div
    class="Box"
  >
    <div
      style="background-color: rgb(5, 25, 30);"
    />
    <button>
      X
    </button>
  </div>
</DocumentFragment>
`;
